#  step      rmse_trn    rmse_e_trn    rmse_f_trn         lr
      0      7.69e+00      1.54e+00      2.43e-01    1.0e-03
   1000      1.37e-01      5.82e-04      6.70e-02    3.2e-06
   2000      6.16e-02      3.59e-04      6.13e-02    1.0e-08
