iter.000000/01.model_devi/task.000.000004 220
iter.000000/01.model_devi/task.000.000001 300
iter.000000/01.model_devi/task.000.000009 150
iter.000000/01.model_devi/task.000.000006 300
iter.000000/01.model_devi/task.000.000000 70
iter.000000/01.model_devi/task.000.000008 220
iter.000000/01.model_devi/task.000.000009 190
iter.000000/01.model_devi/task.000.000008 240
iter.000000/01.model_devi/task.000.000000 150
iter.000000/01.model_devi/task.000.000005 60
iter.000000/01.model_devi/task.000.000009 80
iter.000000/01.model_devi/task.000.000001 290
iter.000000/01.model_devi/task.000.000002 160
iter.000000/01.model_devi/task.000.000008 190
iter.000000/01.model_devi/task.000.000007 270
iter.000000/01.model_devi/task.000.000009 70
iter.000000/01.model_devi/task.000.000003 210
iter.000000/01.model_devi/task.000.000005 40
iter.000000/01.model_devi/task.000.000007 260
iter.000000/01.model_devi/task.000.000009 210
iter.000000/01.model_devi/task.000.000005 170
iter.000000/01.model_devi/task.000.000008 40
iter.000000/01.model_devi/task.000.000004 230
iter.000000/01.model_devi/task.000.000003 50
iter.000000/01.model_devi/task.000.000002 270
iter.000000/01.model_devi/task.000.000001 60
iter.000000/01.model_devi/task.000.000005 30
iter.000000/01.model_devi/task.000.000002 260
iter.000000/01.model_devi/task.000.000006 60
iter.000000/01.model_devi/task.000.000003 140
iter.000000/01.model_devi/task.000.000009 140
iter.000000/01.model_devi/task.000.000000 50
iter.000000/01.model_devi/task.000.000009 230
iter.000000/01.model_devi/task.000.000005 110
iter.000000/01.model_devi/task.000.000007 290
iter.000000/01.model_devi/task.000.000006 190
iter.000000/01.model_devi/task.000.000009 160
iter.000000/01.model_devi/task.000.000004 150
iter.000000/01.model_devi/task.000.000006 230
iter.000000/01.model_devi/task.000.000007 80
iter.000000/01.model_devi/task.000.000000 60
iter.000000/01.model_devi/task.000.000003 250
iter.000000/01.model_devi/task.000.000000 210
iter.000000/01.model_devi/task.000.000003 60
iter.000000/01.model_devi/task.000.000002 210
iter.000000/01.model_devi/task.000.000003 200
iter.000000/01.model_devi/task.000.000005 140
iter.000000/01.model_devi/task.000.000005 160
iter.000000/01.model_devi/task.000.000007 110
iter.000000/01.model_devi/task.000.000001 200
iter.000000/01.model_devi/task.000.000008 160
iter.000000/01.model_devi/task.000.000009 110
iter.000000/01.model_devi/task.000.000001 230
iter.000000/01.model_devi/task.000.000005 150
iter.000000/01.model_devi/task.000.000001 220
iter.000000/01.model_devi/task.000.000008 180
iter.000000/01.model_devi/task.000.000005 80
iter.000000/01.model_devi/task.000.000005 20
iter.000000/01.model_devi/task.000.000007 90
iter.000000/01.model_devi/task.000.000001 30
iter.000000/01.model_devi/task.000.000004 70
iter.000000/01.model_devi/task.000.000004 140
iter.000000/01.model_devi/task.000.000005 270
iter.000000/01.model_devi/task.000.000005 230
iter.000000/01.model_devi/task.000.000000 270
iter.000000/01.model_devi/task.000.000002 200
iter.000000/01.model_devi/task.000.000006 280
iter.000000/01.model_devi/task.000.000009 100
iter.000000/01.model_devi/task.000.000006 140
iter.000000/01.model_devi/task.000.000003 150
iter.000000/01.model_devi/task.000.000007 160
iter.000000/01.model_devi/task.000.000000 160
iter.000000/01.model_devi/task.000.000007 220
iter.000000/01.model_devi/task.000.000009 270
iter.000000/01.model_devi/task.000.000001 70
iter.000000/01.model_devi/task.000.000005 180
iter.000000/01.model_devi/task.000.000001 240
iter.000000/01.model_devi/task.000.000004 160
iter.000000/01.model_devi/task.000.000000 40
iter.000000/01.model_devi/task.000.000006 250
iter.000000/01.model_devi/task.000.000009 50
iter.000000/01.model_devi/task.000.000005 70
iter.000000/01.model_devi/task.000.000006 40
iter.000000/01.model_devi/task.000.000005 50
iter.000000/01.model_devi/task.000.000009 170
iter.000000/01.model_devi/task.000.000004 130
iter.000000/01.model_devi/task.000.000001 250
iter.000000/01.model_devi/task.000.000000 250
iter.000000/01.model_devi/task.000.000007 180
iter.000000/01.model_devi/task.000.000003 130
iter.000000/01.model_devi/task.000.000004 30
iter.000000/01.model_devi/task.000.000003 170
iter.000000/01.model_devi/task.000.000001 160
iter.000000/01.model_devi/task.000.000006 70
iter.000000/01.model_devi/task.000.000000 190
iter.000000/01.model_devi/task.000.000006 220
iter.000000/01.model_devi/task.000.000000 280
iter.000000/01.model_devi/task.000.000002 250
iter.000000/01.model_devi/task.000.000001 100
iter.000000/01.model_devi/task.000.000004 80
iter.000000/01.model_devi/task.000.000008 110
iter.000000/01.model_devi/task.000.000000 20
iter.000000/01.model_devi/task.000.000008 30
iter.000000/01.model_devi/task.000.000007 210
iter.000000/01.model_devi/task.000.000008 250
iter.000000/01.model_devi/task.000.000001 150
iter.000000/01.model_devi/task.000.000004 280
iter.000000/01.model_devi/task.000.000006 270
iter.000000/01.model_devi/task.000.000003 180
iter.000000/01.model_devi/task.000.000004 60
iter.000000/01.model_devi/task.000.000001 110
iter.000000/01.model_devi/task.000.000008 130
iter.000000/01.model_devi/task.000.000006 110
iter.000000/01.model_devi/task.000.000004 250
iter.000000/01.model_devi/task.000.000006 30
iter.000000/01.model_devi/task.000.000006 160
iter.000000/01.model_devi/task.000.000005 210
iter.000000/01.model_devi/task.000.000008 280
iter.000000/01.model_devi/task.000.000009 60
iter.000000/01.model_devi/task.000.000004 210
iter.000000/01.model_devi/task.000.000003 20
iter.000000/01.model_devi/task.000.000001 90
iter.000000/01.model_devi/task.000.000008 50
iter.000000/01.model_devi/task.000.000007 190
iter.000000/01.model_devi/task.000.000003 120
iter.000000/01.model_devi/task.000.000001 260
iter.000000/01.model_devi/task.000.000007 280
iter.000000/01.model_devi/task.000.000007 10
iter.000000/01.model_devi/task.000.000008 290
iter.000000/01.model_devi/task.000.000009 30
iter.000000/01.model_devi/task.000.000008 260
iter.000000/01.model_devi/task.000.000001 50
iter.000000/01.model_devi/task.000.000000 180
iter.000000/01.model_devi/task.000.000008 210
iter.000000/01.model_devi/task.000.000005 90
iter.000000/01.model_devi/task.000.000005 130
iter.000000/01.model_devi/task.000.000006 80
iter.000000/01.model_devi/task.000.000007 0
iter.000000/01.model_devi/task.000.000007 300
iter.000000/01.model_devi/task.000.000006 120
iter.000000/01.model_devi/task.000.000004 190
iter.000000/01.model_devi/task.000.000005 290
iter.000000/01.model_devi/task.000.000008 90
iter.000000/01.model_devi/task.000.000009 200
iter.000000/01.model_devi/task.000.000002 240
iter.000000/01.model_devi/task.000.000001 130
iter.000000/01.model_devi/task.000.000008 140
iter.000000/01.model_devi/task.000.000001 140
iter.000000/01.model_devi/task.000.000008 100
iter.000000/01.model_devi/task.000.000004 110
iter.000000/01.model_devi/task.000.000005 100
iter.000000/01.model_devi/task.000.000008 150
iter.000000/01.model_devi/task.000.000008 20
iter.000000/01.model_devi/task.000.000005 280
iter.000000/01.model_devi/task.000.000002 30
iter.000000/01.model_devi/task.000.000000 220
iter.000000/01.model_devi/task.000.000009 20
iter.000000/01.model_devi/task.000.000004 120
iter.000000/01.model_devi/task.000.000003 160
iter.000000/01.model_devi/task.000.000009 280
iter.000000/01.model_devi/task.000.000007 230
iter.000000/01.model_devi/task.000.000000 200
iter.000000/01.model_devi/task.000.000003 190
iter.000000/01.model_devi/task.000.000009 120
iter.000000/01.model_devi/task.000.000005 250
iter.000000/01.model_devi/task.000.000006 180
iter.000000/01.model_devi/task.000.000002 300
iter.000000/01.model_devi/task.000.000007 170
iter.000000/01.model_devi/task.000.000005 10
iter.000000/01.model_devi/task.000.000009 180
iter.000000/01.model_devi/task.000.000002 230
iter.000000/01.model_devi/task.000.000005 190
iter.000000/01.model_devi/task.000.000001 210
iter.000000/01.model_devi/task.000.000007 130
iter.000000/01.model_devi/task.000.000006 100
iter.000000/01.model_devi/task.000.000000 240
iter.000000/01.model_devi/task.000.000006 200
iter.000000/01.model_devi/task.000.000006 290
iter.000000/01.model_devi/task.000.000002 290
iter.000000/01.model_devi/task.000.000006 260
iter.000000/01.model_devi/task.000.000002 20
iter.000000/01.model_devi/task.000.000003 260
iter.000000/01.model_devi/task.000.000003 300
iter.000000/01.model_devi/task.000.000001 190
iter.000000/01.model_devi/task.000.000003 290
iter.000000/01.model_devi/task.000.000006 170
iter.000000/01.model_devi/task.000.000004 290
iter.000000/01.model_devi/task.000.000008 270
iter.000000/01.model_devi/task.000.000008 200
iter.000000/01.model_devi/task.000.000001 10
iter.000000/01.model_devi/task.000.000009 240
iter.000000/01.model_devi/task.000.000008 60
iter.000000/01.model_devi/task.000.000003 100
iter.000000/01.model_devi/task.000.000002 170
iter.000000/01.model_devi/task.000.000006 240
iter.000000/01.model_devi/task.000.000008 120
iter.000000/01.model_devi/task.000.000000 230
iter.000000/01.model_devi/task.000.000007 40
iter.000000/01.model_devi/task.000.000001 270
iter.000000/01.model_devi/task.000.000005 300
iter.000000/01.model_devi/task.000.000003 280
iter.000000/01.model_devi/task.000.000006 130
iter.000000/01.model_devi/task.000.000006 150
iter.000000/01.model_devi/task.000.000003 110
iter.000000/01.model_devi/task.000.000005 240
iter.000000/01.model_devi/task.000.000000 260
iter.000000/01.model_devi/task.000.000004 40
iter.000000/01.model_devi/task.000.000001 80
iter.000000/01.model_devi/task.000.000005 200
iter.000000/01.model_devi/task.000.000004 300
iter.000000/01.model_devi/task.000.000007 140
iter.000000/01.model_devi/task.000.000000 170
iter.000000/01.model_devi/task.000.000009 40
iter.000000/01.model_devi/task.000.000002 280
iter.000000/01.model_devi/task.000.000009 220
iter.000000/01.model_devi/task.000.000003 240
iter.000000/01.model_devi/task.000.000009 290
iter.000000/01.model_devi/task.000.000003 270
iter.000000/01.model_devi/task.000.000000 300
iter.000000/01.model_devi/task.000.000004 50
iter.000000/01.model_devi/task.000.000009 260
iter.000000/01.model_devi/task.000.000001 20
iter.000000/01.model_devi/task.000.000003 220
iter.000000/01.model_devi/task.000.000007 250
iter.000000/01.model_devi/task.000.000009 250
iter.000000/01.model_devi/task.000.000001 170
iter.000000/01.model_devi/task.000.000009 90
iter.000000/01.model_devi/task.000.000003 230
iter.000000/01.model_devi/task.000.000004 180
iter.000000/01.model_devi/task.000.000007 20
iter.000000/01.model_devi/task.000.000001 180
iter.000000/01.model_devi/task.000.000008 70
iter.000000/01.model_devi/task.000.000007 240
iter.000000/01.model_devi/task.000.000000 30
iter.000000/01.model_devi/task.000.000008 230
iter.000000/01.model_devi/task.000.000008 80
iter.000000/01.model_devi/task.000.000003 30
iter.000000/01.model_devi/task.000.000006 50
iter.000000/01.model_devi/task.000.000004 260
iter.000000/01.model_devi/task.000.000002 150
iter.000000/01.model_devi/task.000.000004 170
iter.000000/01.model_devi/task.000.000005 220
iter.000000/01.model_devi/task.000.000007 30
iter.000000/01.model_devi/task.000.000006 210
iter.000000/01.model_devi/task.000.000007 100
iter.000000/01.model_devi/task.000.000001 280
iter.000000/01.model_devi/task.000.000005 260
iter.000000/01.model_devi/task.000.000000 90
iter.000000/01.model_devi/task.000.000006 90
iter.000000/01.model_devi/task.000.000005 120
iter.000000/01.model_devi/task.000.000002 180
iter.000000/01.model_devi/task.000.000002 40
iter.000000/01.model_devi/task.000.000000 290
iter.000000/01.model_devi/task.000.000000 100
iter.000000/01.model_devi/task.000.000000 130
iter.000000/01.model_devi/task.000.000008 170
