iter.000000/01.model_devi/task.000.000003 40
iter.000000/01.model_devi/task.000.000002 220
iter.000000/01.model_devi/task.000.000001 120
iter.000000/01.model_devi/task.000.000007 150
iter.000000/01.model_devi/task.000.000001 40
iter.000000/01.model_devi/task.000.000007 200
