iter.000000/01.model_devi/task.000.000004 270
iter.000000/01.model_devi/task.000.000002 60
iter.000000/01.model_devi/task.000.000002 120
iter.000000/01.model_devi/task.000.000002 140
iter.000000/01.model_devi/task.000.000004 200
iter.000000/01.model_devi/task.000.000002 50
iter.000000/01.model_devi/task.000.000002 190
iter.000000/01.model_devi/task.000.000007 70
iter.000000/01.model_devi/task.000.000008 0
iter.000000/01.model_devi/task.000.000003 10
iter.000000/01.model_devi/task.000.000002 100
iter.000000/01.model_devi/task.000.000004 10
iter.000000/01.model_devi/task.000.000008 300
iter.000000/01.model_devi/task.000.000003 70
iter.000000/01.model_devi/task.000.000006 10
iter.000000/01.model_devi/task.000.000007 60
iter.000000/01.model_devi/task.000.000004 240
iter.000000/01.model_devi/task.000.000003 0
iter.000000/01.model_devi/task.000.000004 0
iter.000000/01.model_devi/task.000.000000 10
iter.000000/01.model_devi/task.000.000009 0
iter.000000/01.model_devi/task.000.000005 0
iter.000000/01.model_devi/task.000.000003 80
iter.000000/01.model_devi/task.000.000006 20
iter.000000/01.model_devi/task.000.000002 90
iter.000000/01.model_devi/task.000.000000 140
iter.000000/01.model_devi/task.000.000002 0
iter.000000/01.model_devi/task.000.000007 120
iter.000000/01.model_devi/task.000.000003 90
iter.000000/01.model_devi/task.000.000007 50
iter.000000/01.model_devi/task.000.000000 80
iter.000000/01.model_devi/task.000.000000 0
iter.000000/01.model_devi/task.000.000000 110
iter.000000/01.model_devi/task.000.000009 300
iter.000000/01.model_devi/task.000.000008 10
iter.000000/01.model_devi/task.000.000000 120
iter.000000/01.model_devi/task.000.000009 130
iter.000000/01.model_devi/task.000.000004 100
iter.000000/01.model_devi/task.000.000002 130
iter.000000/01.model_devi/task.000.000002 70
iter.000000/01.model_devi/task.000.000004 20
iter.000000/01.model_devi/task.000.000002 10
iter.000000/01.model_devi/task.000.000004 90
iter.000000/01.model_devi/task.000.000006 0
iter.000000/01.model_devi/task.000.000009 10
iter.000000/01.model_devi/task.000.000002 80
iter.000000/01.model_devi/task.000.000002 110
iter.000000/01.model_devi/task.000.000001 0
